../Drivers/CMSIS/Include/core_cm4.h:2059:26:ITM_SendChar	16	static,ignoring_inline_asm
../Drivers/STM32WBxx_HAL_Driver/Inc/stm32wbxx_ll_rcc.h:1679:22:LL_RCC_LSE_SetDriveCapability	16	static
../Drivers/STM32WBxx_HAL_Driver/Inc/stm32wbxx_ll_bus.h:539:22:LL_AHB2_GRP1_EnableClock	24	static
../Core/Src/main.c:139:5:_write	32	static
../Core/Src/main.c:156:5:main	8	static
../Core/Src/main.c:275:6:SystemClock_Config	112	static
../Core/Src/main.c:341:6:PeriphCommonClock_Config	88	static
../Core/Src/main.c:365:13:MX_TIM2_Init	40	static
../Core/Src/main.c:410:13:MX_TIM16_Init	8	static
../Core/Src/main.c:442:13:MX_USART1_UART_Init	8	static
../Core/Src/main.c:490:13:MX_USB_PCD_Init	8	static
../Core/Src/main.c:523:13:MX_GPIO_Init	32	static
../Core/Src/main.c:595:6:StartDefaultTask	16	static
../Core/Src/main.c:614:6:StartAck_ToF_Data	16	static
../Core/Src/main.c:638:6:StartSendData	16	static
../Core/Src/main.c:668:6:StartAck_LSM6DSO_Data	56	static
../Core/Src/main.c:697:6:StartSendDataLSM6	104	static
../Core/Src/main.c:732:6:HAL_TIM_PeriodElapsedCallback	16	static
../Core/Src/main.c:756:6:Error_Handler	4	static,ignoring_inline_asm
