../Drivers/CMSIS/Include/core_cm4.h:2059:26:ITM_SendChar	16	static,ignoring_inline_asm
../Drivers/STM32WBxx_HAL_Driver/Inc/stm32wbxx_ll_rcc.h:1679:22:LL_RCC_LSE_SetDriveCapability	16	static
../Drivers/STM32WBxx_HAL_Driver/Inc/stm32wbxx_ll_bus.h:539:22:LL_AHB2_GRP1_EnableClock	24	static
../Core/Src/main.c:145:5:_write	32	static
../Core/Src/main.c:162:5:main	1200	static
../Core/Src/main.c:369:6:SystemClock_Config	112	static
../Core/Src/main.c:435:6:PeriphCommonClock_Config	88	static
../Core/Src/main.c:459:13:MX_SPI2_Init	8	static
../Core/Src/main.c:499:13:MX_TIM2_Init	40	static
../Core/Src/main.c:544:13:MX_TIM16_Init	8	static
../Core/Src/main.c:576:13:MX_USART1_UART_Init	8	static
../Core/Src/main.c:624:13:MX_USB_PCD_Init	8	static
../Core/Src/main.c:657:13:MX_GPIO_Init	32	static
../Core/Src/main.c:729:6:StartDefaultTask	16	static
../Core/Src/main.c:748:6:StartAck_ToF_Data	16	static
../Core/Src/main.c:772:6:StartSendData	16	static
../Core/Src/main.c:802:6:StartAck_LSM6DSO_Data	88	static
../Core/Src/main.c:834:6:StartSendDataLSM6	88	static
../Core/Src/main.c:868:6:HAL_TIM_PeriodElapsedCallback	16	static
../Core/Src/main.c:892:6:Error_Handler	4	static,ignoring_inline_asm
