../Drivers/STM32WBxx_HAL_Driver/Inc/stm32wbxx_ll_bus.h:539:22:LL_AHB2_GRP1_EnableClock	24	static
../Drivers/STM32WBxx_HAL_Driver/Inc/stm32wbxx_ll_bus.h:939:22:LL_APB1_GRP1_EnableClock	24	static
../Drivers/STM32WBxx_HAL_Driver/Inc/stm32wbxx_ll_bus.h:1038:22:LL_APB1_GRP1_DisableClock	16	static
../Drivers/STM32WBxx_HAL_Driver/Inc/stm32wbxx_ll_bus.h:1274:22:LL_APB2_GRP1_EnableClock	24	static
../Drivers/STM32WBxx_HAL_Driver/Inc/stm32wbxx_ll_bus.h:1328:22:LL_APB2_GRP1_DisableClock	16	static
../Core/Src/stm32wbxx_hal_msp.c:63:6:HAL_MspInit	8	static
../Core/Src/stm32wbxx_hal_msp.c:85:6:HAL_SPI_MspInit	40	static
../Core/Src/stm32wbxx_hal_msp.c:131:6:HAL_SPI_MspDeInit	16	static
../Core/Src/stm32wbxx_hal_msp.c:163:6:HAL_TIM_Base_MspInit	16	static
../Core/Src/stm32wbxx_hal_msp.c:202:6:HAL_TIM_Base_MspDeInit	16	static
../Core/Src/stm32wbxx_hal_msp.c:241:6:HAL_UART_MspInit	120	static
../Core/Src/stm32wbxx_hal_msp.c:289:6:HAL_UART_MspDeInit	16	static
../Core/Src/stm32wbxx_hal_msp.c:318:6:HAL_PCD_MspInit	120	static
../Core/Src/stm32wbxx_hal_msp.c:370:6:HAL_PCD_MspDeInit	16	static
