../Middlewares/ST/lib_gnss/LibGNSS/Src/gnss_data.c:47:6:GNSS_DATA_SendCommand	24	static
../Middlewares/ST/lib_gnss/LibGNSS/Src/gnss_data.c:67:6:GNSS_DATA_GetValidInfo	56	static
../Middlewares/ST/lib_gnss/LibGNSS/Src/gnss_data.c:126:9:GNSS_DATA_TrackGotPos	128	static
../Middlewares/ST/lib_gnss/LibGNSS/Src/gnss_data.c:200:6:GNSS_DATA_PrintTrackedPositions	64	static
../Middlewares/ST/lib_gnss/LibGNSS/Src/gnss_data.c:253:6:GNSS_DATA_GetGNSInfo	56	static
../Middlewares/ST/lib_gnss/LibGNSS/Src/gnss_data.c:331:6:GNSS_DATA_GetGPGSTInfo	24	static
../Middlewares/ST/lib_gnss/LibGNSS/Src/gnss_data.c:375:6:GNSS_DATA_GetGPRMCInfo	56	static
../Middlewares/ST/lib_gnss/LibGNSS/Src/gnss_data.c:454:6:GNSS_DATA_GetGSAInfo	32	static
../Middlewares/ST/lib_gnss/LibGNSS/Src/gnss_data.c:551:6:GNSS_DATA_GetGSVInfo	40	static
../Middlewares/ST/lib_gnss/LibGNSS/Src/gnss_data.c:630:6:GNSS_DATA_GetPSTMVerInfo	16	static
../Middlewares/ST/lib_gnss/LibGNSS/Src/gnss_data.c:651:6:GNSS_DATA_GetGeofenceInfo	72	static
../Middlewares/ST/lib_gnss/LibGNSS/Src/gnss_data.c:739:6:GNSS_DATA_GetOdometerInfo	16	static
../Middlewares/ST/lib_gnss/LibGNSS/Src/gnss_data.c:795:6:GNSS_DATA_GetDatalogInfo	16	static
../Middlewares/ST/lib_gnss/LibGNSS/Src/gnss_data.c:878:6:GNSS_DATA_GetMsglistAck	16	static
../Middlewares/ST/lib_gnss/LibGNSS/Src/gnss_data.c:893:6:GNSS_DATA_GetGNSSAck	16	static
../Middlewares/ST/lib_gnss/LibGNSS/Src/gnss_data.c:905:6:GNSS_DATA_CfgMessageList	32	static
../Middlewares/ST/lib_gnss/LibGNSS/Src/gnss_data.c:928:6:GNSS_DATA_EnableGeofence	24	static
../Middlewares/ST/lib_gnss/LibGNSS/Src/gnss_data.c:937:6:GNSS_DATA_ConfigGeofence	72	static
../Middlewares/ST/lib_gnss/LibGNSS/Src/gnss_data.c:951:6:GNSS_DATA_EnableOdo	16	static
../Middlewares/ST/lib_gnss/LibGNSS/Src/gnss_data.c:960:6:GNSS_DATA_StartOdo	16	static
../Middlewares/ST/lib_gnss/LibGNSS/Src/gnss_data.c:968:6:GNSS_DATA_StopOdo	8	static
../Middlewares/ST/lib_gnss/LibGNSS/Src/gnss_data.c:976:6:GNSS_DATA_EnableDatalog	40	static
../Middlewares/ST/lib_gnss/LibGNSS/Src/gnss_data.c:993:6:GNSS_DATA_ConfigDatalog	40	static
../Middlewares/ST/lib_gnss/LibGNSS/Src/gnss_data.c:1008:6:GNSS_DATA_StartDatalog	8	static
../Middlewares/ST/lib_gnss/LibGNSS/Src/gnss_data.c:1016:6:GNSS_DATA_StopDatalog	8	static
../Middlewares/ST/lib_gnss/LibGNSS/Src/gnss_data.c:1024:6:GNSS_DATA_EraseDatalog	8	static
../Middlewares/ST/lib_gnss/LibGNSS/Src/gnss_data.c:1182:12:GNSS_PRINT	16	static
