../Drivers/STM32WBxx_HAL_Driver/Inc/stm32wbxx_ll_bus.h:539:22:LL_AHB2_GRP1_EnableClock	24	static
../Drivers/STM32WBxx_HAL_Driver/Inc/stm32wbxx_ll_bus.h:1274:22:LL_APB2_GRP1_EnableClock	24	static
../Drivers/STM32WBxx_HAL_Driver/Inc/stm32wbxx_ll_bus.h:1328:22:LL_APB2_GRP1_DisableClock	16	static
../Drivers/BSP/STM32WBxx_Nucleo/stm32wbxx_nucleo.c:90:9:BSP_GetVersion	4	static
../Drivers/BSP/STM32WBxx_Nucleo/stm32wbxx_nucleo.c:107:9:BSP_PB_Init	24	static
../Drivers/BSP/STM32WBxx_Nucleo/stm32wbxx_nucleo.c:147:9:BSP_PB_DeInit	40	static
../Drivers/BSP/STM32WBxx_Nucleo/stm32wbxx_nucleo.c:165:9:BSP_PB_GetState	16	static
../Drivers/BSP/STM32WBxx_Nucleo/stm32wbxx_nucleo.c:174:6:BSP_PB_IRQHandler	16	static
../Drivers/BSP/STM32WBxx_Nucleo/stm32wbxx_nucleo.c:184:13:BSP_PB_Callback	16	static
../Drivers/BSP/STM32WBxx_Nucleo/stm32wbxx_nucleo.c:197:13:BUTTON_USER_EXTI_Callback	8	static
../Drivers/BSP/STM32WBxx_Nucleo/stm32wbxx_nucleo.c:206:13:BUTTON_USER_GPIO_Init	32	static
../Drivers/BSP/STM32WBxx_Nucleo/stm32wbxx_nucleo.c:241:9:BSP_COM_Init	24	static
../Drivers/BSP/STM32WBxx_Nucleo/stm32wbxx_nucleo.c:279:9:BSP_COM_DeInit	24	static
../Drivers/BSP/STM32WBxx_Nucleo/stm32wbxx_nucleo.c:316:26:MX_USART1_UART_Init	24	static
../Drivers/BSP/STM32WBxx_Nucleo/stm32wbxx_nucleo.c:436:9:BSP_COM_SelectLogPort	16	static
../Drivers/BSP/STM32WBxx_Nucleo/stm32wbxx_nucleo.c:482:5:__io_putchar	16	static
../Drivers/BSP/STM32WBxx_Nucleo/stm32wbxx_nucleo.c:495:13:USART1_MspInit	120	static
../Drivers/BSP/STM32WBxx_Nucleo/stm32wbxx_nucleo.c:536:13:USART1_MspDeInit	16	static
