../Drivers/CMSIS/Include/core_cm4.h:2059:26:ITM_SendChar	16	static,ignoring_inline_asm
../Drivers/STM32WBxx_HAL_Driver/Inc/stm32wbxx_ll_rcc.h:1679:22:LL_RCC_LSE_SetDriveCapability	16	static
../Drivers/STM32WBxx_HAL_Driver/Inc/stm32wbxx_ll_bus.h:539:22:LL_AHB2_GRP1_EnableClock	24	static
../Core/Src/main.c:140:5:_write	32	static
../Core/Src/main.c:157:5:main	8	static
../Core/Src/main.c:274:6:SystemClock_Config	112	static
../Core/Src/main.c:340:6:PeriphCommonClock_Config	88	static
../Core/Src/main.c:364:13:MX_TIM2_Init	40	static
../Core/Src/main.c:409:13:MX_TIM16_Init	8	static
../Core/Src/main.c:441:13:MX_USART1_UART_Init	8	static
../Core/Src/main.c:489:13:MX_USB_PCD_Init	8	static
../Core/Src/main.c:522:13:MX_GPIO_Init	32	static
../Core/Src/main.c:584:6:StartDefaultTask	16	static
../Core/Src/main.c:603:6:StartAck_ToF_Data	16	static
../Core/Src/main.c:627:6:StartSendData	16	static
../Core/Src/main.c:657:6:StartAck_LSM6DSO_Data	40	static
../Core/Src/main.c:685:6:StartSendDataLSM6	64	static
../Core/Src/main.c:718:6:HAL_TIM_PeriodElapsedCallback	16	static
../Core/Src/main.c:742:6:Error_Handler	4	static,ignoring_inline_asm
