../Drivers/CMSIS/Include/core_cm4.h:2059:26:ITM_SendChar	16	static,ignoring_inline_asm
../Drivers/STM32WBxx_HAL_Driver/Inc/stm32wbxx_ll_rcc.h:1679:22:LL_RCC_LSE_SetDriveCapability	16	static
../Drivers/STM32WBxx_HAL_Driver/Inc/stm32wbxx_ll_bus.h:539:22:LL_AHB2_GRP1_EnableClock	24	static
../Core/Src/main.c:112:5:_write	32	static
../Core/Src/main.c:123:13:print_result	40	static
../Core/Src/main.c:153:16:decimal_part	24	static
../Core/Src/main.c:164:5:main	16	static
../Core/Src/main.c:307:6:SystemClock_Config	112	static
../Core/Src/main.c:373:6:PeriphCommonClock_Config	88	static
../Core/Src/main.c:397:13:MX_USB_PCD_Init	8	static
../Core/Src/main.c:430:13:MX_GPIO_Init	32	static
../Core/Src/main.c:486:6:StartDefaultTask	16	static
../Core/Src/main.c:505:6:StartAck_ToF_Data	16	static
../Core/Src/main.c:530:6:StartSendData	16	static
../Core/Src/main.c:556:6:HAL_TIM_PeriodElapsedCallback	16	static
../Core/Src/main.c:573:6:Error_Handler	4	static,ignoring_inline_asm
