../Drivers/CMSIS/Include/core_cm4.h:2059:26:ITM_SendChar	16	static,ignoring_inline_asm
../Drivers/STM32WBxx_HAL_Driver/Inc/stm32wbxx_ll_rcc.h:1679:22:LL_RCC_LSE_SetDriveCapability	16	static
../Drivers/STM32WBxx_HAL_Driver/Inc/stm32wbxx_ll_bus.h:539:22:LL_AHB2_GRP1_EnableClock	24	static
../Core/Src/main.c:114:5:_write	32	static
../Core/Src/main.c:125:13:print_result	40	static
../Core/Src/main.c:155:16:decimal_part	24	static
../Core/Src/main.c:166:5:main	8	static
../Core/Src/main.c:294:6:SystemClock_Config	112	static
../Core/Src/main.c:360:6:PeriphCommonClock_Config	88	static
../Core/Src/main.c:384:13:MX_USART1_UART_Init	8	static
../Core/Src/main.c:432:13:MX_USB_PCD_Init	8	static
../Core/Src/main.c:465:13:MX_GPIO_Init	32	static
../Core/Src/main.c:527:6:StartDefaultTask	16	static
../Core/Src/main.c:546:6:StartAck_ToF_Data	16	static
../Core/Src/main.c:571:6:StartSendData	16	static
../Core/Src/main.c:597:6:HAL_TIM_PeriodElapsedCallback	16	static
../Core/Src/main.c:614:6:Error_Handler	4	static,ignoring_inline_asm
